// Jest Snapshot v1, https://goo.gl/fbAQLP

exports[`<Checkbox /> renders control box with correct styles 1`] = `
.emotion-1 {
  box-sizing: border-box;
  display: -webkit-inline-box;
  display: -webkit-inline-flex;
  display: -ms-inline-flexbox;
  display: inline-flex;
  -webkit-align-items: center;
  -webkit-box-align: center;
  -ms-flex-align: center;
  align-items: center;
  -webkit-box-pack: center;
  -webkit-justify-content: center;
  -ms-flex-pack: center;
  justify-content: center;
  -webkit-flex-shrink: 0;
  -ms-flex-negative: 0;
  flex-shrink: 0;
  -webkit-user-select: none;
  -moz-user-select: none;
  -ms-user-select: none;
  user-select: none;
  border: 1px solid;
  color: white;
  border-color: border;
  background-color: transparent;
  border-radius: $2;
  -webkit-transition: all 120ms,background-color 120ms,box-shadow 250ms;
  transition: all 120ms,background-color 120ms,box-shadow 250ms;
  width: 20px;
  height: 20px;
}

input[type=checkbox]:hover:not(:disabled):not(:checked) + .emotion-1 {
  opacity: 0.8;
}

input[type=checkbox]:disabled + .emotion-1 {
  opacity: 0.5;
}

input[type=checkbox][aria-invalid=true] + .emotion-1 {
  border-color: textnegative;
}

input[type=checkbox]:checked:disabled + .emotion-1,
input[type=checkbox][aria-checked=mixed]:disabled + .emotion-1 {
  opacity: 0.5;
}

input[type=checkbox]:checked:hover:not(:disabled) + .emotion-1,
input[type=checkbox][aria-checked=mixed]:hover:not(:disabled) + .emotion-1 {
  border-color: main;
  opacity: 0.8;
}

input[type=checkbox]:hover:disabled:checked + .emotion-1 {
  opacity: 0.5;
}

.emotion-1 > * {
  opacity: 0;
}

input[type=checkbox]:checked + .emotion-1,
input[type=checkbox][aria-checked=mixed] + .emotion-1 {
  background-color: main;
  border-color: main;
}

input[type=checkbox]:checked + .emotion-1:hover,
input[type=checkbox][aria-checked=mixed] + .emotion-1:hover {
  opacity: 0.8;
}

input[type=checkbox]:checked + .emotion-1 > *,
input[type=checkbox][aria-checked=mixed] + .emotion-1 > * {
  opacity: 1;
}

.emotion-0 {
  box-sizing: border-box;
  color: currentColor;
  display: inline-block;
  vertical-align: middle;
  width: 20px;
  height: 15px;
  -webkit-flex-shrink: 0;
  -ms-flex-negative: 0;
  flex-shrink: 0;
  -webkit-backface-visibility: hidden;
  backface-visibility: hidden;
}

.emotion-0:not(:root) {
  overflow: hidden;
}

<div
  aria-hidden="true"
  class="emotion-1"
  data-testid="control-box"
>
  <svg
    class="emotion-0"
    viewBox="0 0 24 24"
  >
    <path
      d="M19.9805 5.99023C19.7207 5.99797 19.4741 6.10655 19.293 6.29296L9 16.5859L5.70702 13.293C5.4562 13.0317 5.08375 12.9265 4.73331 13.0179C4.38287 13.1092 4.1092 13.3829 4.01784 13.7333C3.92648 14.0838 4.03172 14.4562 4.29295 14.707L8.29295 18.707C8.68349 19.0974 9.31648 19.0974 9.70702 18.707L20.707 7.70703C21.0028 7.41954 21.0917 6.97996 20.9309 6.60012C20.7702 6.22027 20.3928 5.97807 19.9805 5.99023Z"
      fill="currentColor"
    />
  </svg>
</div>
`;
